// Jest Snapshot v1, https://goo.gl/fbAQLP

exports[`generate production k8s manifests 1`] = `
"---
apiVersion: v1
kind: Namespace
metadata:
  annotations:
    socialgouv/creator: autodevops
    field.cattle.io/creatorId: gitlab
    field.cattle.io/projectId: ''
    git/branch: refs/heads/mybranch
    git/remote: socialgouv/carnets
    app.github.com/job: '5678'
    app.github.com/ref: refs/heads/mybranch
    app.github.com/repo: socialgouv/carnets
    app.github.com/run: '1234'
    app.github.com/sha: '0123456'
  labels:
    azure-pg-admin-user: carnets
    application: carnets
    owner: carnets
    team: carnets
  name: carnets
---
apiVersion: apps/v1
kind: Deployment
metadata:
  annotations:
    kapp.k14s.io/disable-default-ownership-label-rules: ''
    kapp.k14s.io/disable-default-label-scoping-rules: ''
    app.github.com/job: '5678'
    app.github.com/ref: refs/heads/mybranch
    app.github.com/repo: socialgouv/carnets
    app.github.com/run: '1234'
    app.github.com/sha: '0123456'
  labels:
    app: incubateur
    application: carnets
    owner: carnets
    team: carnets
    component: nginx
  name: incubateur
  namespace: carnets
spec:
  replicas: 1
  selector:
    matchLabels:
      app: incubateur
  template:
    metadata:
      annotations:
        kapp.k14s.io/disable-default-ownership-label-rules: ''
        kapp.k14s.io/disable-default-label-scoping-rules: ''
        app.github.com/job: '5678'
        app.github.com/ref: refs/heads/mybranch
        app.github.com/repo: socialgouv/carnets
        app.github.com/run: '1234'
        app.github.com/sha: '0123456'
      labels:
        app: incubateur
        application: carnets
        owner: carnets
        team: carnets
        component: nginx
    spec:
      containers:
        - image: >-
            ghcr.io/socialgouv/fabrique/incubateur:sha-0123456789abcdefghijklmnopqrstuvwxyz0123
          livenessProbe:
            failureThreshold: 6
            httpGet:
              path: /index.html
              port: http
            initialDelaySeconds: 30
            periodSeconds: 5
            timeoutSeconds: 5
          name: incubateur
          ports:
            - containerPort: 80
              name: http
          readinessProbe:
            failureThreshold: 15
            httpGet:
              path: /index.html
              port: http
            initialDelaySeconds: 0
            periodSeconds: 5
            successThreshold: 1
            timeoutSeconds: 1
          resources:
            limits:
              cpu: 500m
              memory: 128Mi
            requests:
              cpu: 5m
              memory: 32Mi
          startupProbe:
            failureThreshold: 12
            httpGet:
              path: /index.html
              port: http
            periodSeconds: 5
---
apiVersion: v1
kind: Service
metadata:
  labels:
    app: incubateur
    application: carnets
    owner: carnets
    team: carnets
  name: incubateur
  annotations:
    kapp.k14s.io/disable-default-ownership-label-rules: ''
    kapp.k14s.io/disable-default-label-scoping-rules: ''
    app.github.com/job: '5678'
    app.github.com/ref: refs/heads/mybranch
    app.github.com/repo: socialgouv/carnets
    app.github.com/run: '1234'
    app.github.com/sha: '0123456'
  namespace: carnets
spec:
  ports:
    - name: http
      port: 80
      targetPort: 80
  selector:
    app: incubateur
  type: ClusterIP
---
apiVersion: networking.k8s.io/v1
kind: Ingress
metadata:
  annotations:
    kubernetes.io/ingress.class: nginx
    certmanager.k8s.io/cluster-issuer: letsencrypt-prod
    kubernetes.io/tls-acme: 'true'
    kapp.k14s.io/disable-default-ownership-label-rules: ''
    kapp.k14s.io/disable-default-label-scoping-rules: ''
    app.github.com/job: '5678'
    app.github.com/ref: refs/heads/mybranch
    app.github.com/repo: socialgouv/carnets
    app.github.com/run: '1234'
    app.github.com/sha: '0123456'
    nginx.ingress.kubernetes.io/configuration-snippet: >-
      more_set_headers \\"Content-Security-Policy: default-src 'none'; connect-src
      'self' https://*.gouv.fr; font-src 'self'; img-src 'self'; prefetch-src
      'self' https://*.gouv.fr; script-src 'self' https://*.gouv.fr; frame-src
      'self' https://*.gouv.fr; style-src 'self' 'unsafe-inline'\\";

      more_set_headers \\"X-Frame-Options: deny\\";

      more_set_headers \\"X-XSS-Protection: 1; mode=block\\";

      more_set_headers \\"X-Content-Type-Options: nosniff\\";
  labels:
    app: incubateur
    application: carnets
    owner: carnets
    team: carnets
  name: incubateur
  namespace: carnets
spec:
  rules:
    - host: www.dev.fabrique.social.gouv.fr
      http:
        paths:
          - backend:
              service:
                name: incubateur
                port:
                  name: http
            path: /
            pathType: Prefix
  tls:
    - hosts:
        - www.dev.fabrique.social.gouv.fr
      secretName: incubateur-crt
---
apiVersion: extensions/v1beta1
kind: Ingress
metadata:
  annotations:
    kubernetes.io/ingress.class: nginx
    nginx.ingress.kubernetes.io/permanent-redirect: https://www.fabrique.social.gouv.fr$request_uri
    certmanager.k8s.io/cluster-issuer: letsencrypt-prod
    kubernetes.io/tls-acme: 'true'
  labels:
    app.kubernetes.io/component: redirect
    app.kubernetes.io/name: www
  name: www-redirect
spec:
  rules:
    - host: www.incubateur.social.gouv.fr
    - host: incubateur.social.gouv.fr
    - host: fabrique.social.gouv.fr
  tls:
    - hosts:
        - www.incubateur.social.gouv.fr
        - incubateur.social.gouv.fr
        - fabrique.social.gouv.fr
      secretName: www-redirect
"
`;
